core_cm0.h:629:22:NVIC_EnableIRQ	16	static
main.c:73:6:main	8	static
main.c:137:6:init_PWM	8	static
main.c:167:6:init_LEDs	8	static
main.c:172:6:init_StartBtn	8	static
main.c:182:6:init_TIM14	8	static
main.c:197:6:init_Sensors	8	static
main.c:213:6:init_Outputs	8	static
main.c:227:6:EXTI4_15_IRQHandler	8	static
main.c:297:6:TIM14_IRQHandler	8	static
main.c:306:6:Delay	16	static
main.c:315:6:startTimer	8	static
main.c:322:6:stopTimer	8	static
main.c:330:6:forward	8	static
main.c:339:6:turnRight	8	static
main.c:350:6:turnLeft	8	static
main.c:360:6:start	8	static
main.c:375:6:stop	16	static
main.c:383:6:adjust	16	static
main.c:395:6:turn	16	static
